---
source: src/generator.rs
expression: doc
---
[
  {
    "openapi": "",
    "info": {
      "title": "api",
      "version": "0.0.1"
    },
    "paths": {},
    "components": {
      "schemas": {
        "OrderId": {
          "type": "number",
          "maximum": 10.0
        }
      }
    }
  }
]
